
something2

something


Test3 is false


something3
